// Jest Snapshot v1, https://goo.gl/fbAQLP

exports[`App (Snapshot) App renders properly 1`] = `<div />`;
